// Jest Snapshot v1, https://goo.gl/fbAQLP

exports[`Examples/Card Card smoke-test 1`] = `
<div class="card">
  <div class="card__title">
    <a href="#">
      Card title
    </a>
  </div>
  <div class="card__description">
    Lorem ipsum dolor sit amet, consectetur adipiscing elit. Etiam eu turpis molestie, dictum est a, mattis tellus. Sed dignissim, metus nec fringilla accumsan, risus sem sollicitudin lacus.
  </div>
</div>
`;
